Archive member included to satisfy reference by file (symbol)

c:/st/stm32cubeide_1.3.0/stm32cubeide/plugins/com.st.stm32cube.ide.mcu.externaltools.gnu-tools-for-stm32.7-2018-q2-update.win32_1.0.0.201904181610/tools/bin/../lib/gcc/arm-none-eabi/7.3.1/../../../../arm-none-eabi/lib/thumb/v7e-m/fpv4-sp/hard\libc_nano.a(lib_a-errno.o)
                              Core/Src/syscalls.o (__errno)
c:/st/stm32cubeide_1.3.0/stm32cubeide/plugins/com.st.stm32cube.ide.mcu.externaltools.gnu-tools-for-stm32.7-2018-q2-update.win32_1.0.0.201904181610/tools/bin/../lib/gcc/arm-none-eabi/7.3.1/../../../../arm-none-eabi/lib/thumb/v7e-m/fpv4-sp/hard\libc_nano.a(lib_a-exit.o)
                              c:/st/stm32cubeide_1.3.0/stm32cubeide/plugins/com.st.stm32cube.ide.mcu.externaltools.gnu-tools-for-stm32.7-2018-q2-update.win32_1.0.0.201904181610/tools/bin/../lib/gcc/arm-none-eabi/7.3.1/../../../../arm-none-eabi/lib/thumb/v7e-m/fpv4-sp/hard/crt0.o (exit)
c:/st/stm32cubeide_1.3.0/stm32cubeide/plugins/com.st.stm32cube.ide.mcu.externaltools.gnu-tools-for-stm32.7-2018-q2-update.win32_1.0.0.201904181610/tools/bin/../lib/gcc/arm-none-eabi/7.3.1/../../../../arm-none-eabi/lib/thumb/v7e-m/fpv4-sp/hard\libc_nano.a(lib_a-impure.o)
                              c:/st/stm32cubeide_1.3.0/stm32cubeide/plugins/com.st.stm32cube.ide.mcu.externaltools.gnu-tools-for-stm32.7-2018-q2-update.win32_1.0.0.201904181610/tools/bin/../lib/gcc/arm-none-eabi/7.3.1/../../../../arm-none-eabi/lib/thumb/v7e-m/fpv4-sp/hard\libc_nano.a(lib_a-exit.o) (_global_impure_ptr)
c:/st/stm32cubeide_1.3.0/stm32cubeide/plugins/com.st.stm32cube.ide.mcu.externaltools.gnu-tools-for-stm32.7-2018-q2-update.win32_1.0.0.201904181610/tools/bin/../lib/gcc/arm-none-eabi/7.3.1/../../../../arm-none-eabi/lib/thumb/v7e-m/fpv4-sp/hard\libc_nano.a(lib_a-init.o)
                              c:/st/stm32cubeide_1.3.0/stm32cubeide/plugins/com.st.stm32cube.ide.mcu.externaltools.gnu-tools-for-stm32.7-2018-q2-update.win32_1.0.0.201904181610/tools/bin/../lib/gcc/arm-none-eabi/7.3.1/../../../../arm-none-eabi/lib/thumb/v7e-m/fpv4-sp/hard/crt0.o (__libc_init_array)
c:/st/stm32cubeide_1.3.0/stm32cubeide/plugins/com.st.stm32cube.ide.mcu.externaltools.gnu-tools-for-stm32.7-2018-q2-update.win32_1.0.0.201904181610/tools/bin/../lib/gcc/arm-none-eabi/7.3.1/../../../../arm-none-eabi/lib/thumb/v7e-m/fpv4-sp/hard\libc_nano.a(lib_a-memset.o)
                              c:/st/stm32cubeide_1.3.0/stm32cubeide/plugins/com.st.stm32cube.ide.mcu.externaltools.gnu-tools-for-stm32.7-2018-q2-update.win32_1.0.0.201904181610/tools/bin/../lib/gcc/arm-none-eabi/7.3.1/../../../../arm-none-eabi/lib/thumb/v7e-m/fpv4-sp/hard/crt0.o (memset)
c:/st/stm32cubeide_1.3.0/stm32cubeide/plugins/com.st.stm32cube.ide.mcu.externaltools.gnu-tools-for-stm32.7-2018-q2-update.win32_1.0.0.201904181610/tools/bin/../lib/gcc/arm-none-eabi/7.3.1/thumb/v7e-m/fpv4-sp/hard\libgcc.a(_aeabi_uldivmod.o)
                              Drivers/STM32F4xx_HAL_Driver/Src/stm32f4xx_hal_rcc.o (__aeabi_uldivmod)
c:/st/stm32cubeide_1.3.0/stm32cubeide/plugins/com.st.stm32cube.ide.mcu.externaltools.gnu-tools-for-stm32.7-2018-q2-update.win32_1.0.0.201904181610/tools/bin/../lib/gcc/arm-none-eabi/7.3.1/thumb/v7e-m/fpv4-sp/hard\libgcc.a(_udivmoddi4.o)
                              c:/st/stm32cubeide_1.3.0/stm32cubeide/plugins/com.st.stm32cube.ide.mcu.externaltools.gnu-tools-for-stm32.7-2018-q2-update.win32_1.0.0.201904181610/tools/bin/../lib/gcc/arm-none-eabi/7.3.1/thumb/v7e-m/fpv4-sp/hard\libgcc.a(_aeabi_uldivmod.o) (__udivmoddi4)
c:/st/stm32cubeide_1.3.0/stm32cubeide/plugins/com.st.stm32cube.ide.mcu.externaltools.gnu-tools-for-stm32.7-2018-q2-update.win32_1.0.0.201904181610/tools/bin/../lib/gcc/arm-none-eabi/7.3.1/thumb/v7e-m/fpv4-sp/hard\libgcc.a(_dvmd_tls.o)
                              c:/st/stm32cubeide_1.3.0/stm32cubeide/plugins/com.st.stm32cube.ide.mcu.externaltools.gnu-tools-for-stm32.7-2018-q2-update.win32_1.0.0.201904181610/tools/bin/../lib/gcc/arm-none-eabi/7.3.1/thumb/v7e-m/fpv4-sp/hard\libgcc.a(_aeabi_uldivmod.o) (__aeabi_ldiv0)

Allocating common symbols
Common symbol       size              file

uwTick              0x4               Drivers/STM32F4xx_HAL_Driver/Src/stm32f4xx_hal.o
pFlash              0x20              Drivers/STM32F4xx_HAL_Driver/Src/stm32f4xx_hal_flash.o

Discarded input sections

 .text          0x0000000000000000        0x0 c:/st/stm32cubeide_1.3.0/stm32cubeide/plugins/com.st.stm32cube.ide.mcu.externaltools.gnu-tools-for-stm32.7-2018-q2-update.win32_1.0.0.201904181610/tools/bin/../lib/gcc/arm-none-eabi/7.3.1/thumb/v7e-m/fpv4-sp/hard/crti.o
 .data          0x0000000000000000        0x0 c:/st/stm32cubeide_1.3.0/stm32cubeide/plugins/com.st.stm32cube.ide.mcu.externaltools.gnu-tools-for-stm32.7-2018-q2-update.win32_1.0.0.201904181610/tools/bin/../lib/gcc/arm-none-eabi/7.3.1/thumb/v7e-m/fpv4-sp/hard/crti.o
[...]
Memory Configuration

Name             Origin             Length             Attributes
CCMRAM           0x0000000010000000 0x0000000000010000 xrw
RAM              0x0000000020000000 0x0000000000020000 xrw
FLASH            0x0000000008000000 0x0000000000100000 xr
*default*        0x0000000000000000 0xffffffffffffffff

Linker script and memory map

LOAD c:/st/stm32cubeide_1.3.0/stm32cubeide/plugins/com.st.stm32cube.ide.mcu.externaltools.gnu-tools-for-stm32.7-2018-q2-update.win32_1.0.0.201904181610/tools/bin/../lib/gcc/arm-none-eabi/7.3.1/thumb/v7e-m/fpv4-sp/hard/crti.o
LOAD c:/st/stm32cubeide_1.3.0/stm32cubeide/plugins/com.st.stm32cube.ide.mcu.externaltools.gnu-tools-for-stm32.7-2018-q2-update.win32_1.0.0.201904181610/tools/bin/../lib/gcc/arm-none-eabi/7.3.1/thumb/v7e-m/fpv4-sp/hard/crtbegin.o
LOAD c:/st/stm32cubeide_1.3.0/stm32cubeide/plugins/com.st.stm32cube.ide.mcu.externaltools.gnu-tools-for-stm32.7-2018-q2-update.win32_1.0.0.201904181610/tools/bin/../lib/gcc/arm-none-eabi/7.3.1/../../../../arm-none-eabi/lib/thumb/v7e-m/fpv4-sp/hard/crt0.o
LOAD Core/Src/gpio.o
LOAD Core/Src/main.o
LOAD Core/Src/stm32f4xx_hal_msp.o
LOAD Core/Src/stm32f4xx_it.o
LOAD Core/Src/syscalls.o
LOAD Core/Src/sysmem.o
LOAD Core/Src/system_stm32f4xx.o
LOAD Core/Src/tim.o
LOAD Core/Src/usart.o
LOAD Core/Startup/startup_stm32f405rgtx.o
LOAD Drivers/STM32F4xx_HAL_Driver/Src/stm32f4xx_hal.o
LOAD Drivers/STM32F4xx_HAL_Driver/Src/stm32f4xx_hal_cortex.o
LOAD Drivers/STM32F4xx_HAL_Driver/Src/stm32f4xx_hal_dma.o
LOAD Drivers/STM32F4xx_HAL_Driver/Src/stm32f4xx_hal_dma_ex.o
LOAD Drivers/STM32F4xx_HAL_Driver/Src/stm32f4xx_hal_exti.o
LOAD Drivers/STM32F4xx_HAL_Driver/Src/stm32f4xx_hal_flash.o
LOAD Drivers/STM32F4xx_HAL_Driver/Src/stm32f4xx_hal_flash_ex.o
LOAD Drivers/STM32F4xx_HAL_Driver/Src/stm32f4xx_hal_flash_ramfunc.o
LOAD Drivers/STM32F4xx_HAL_Driver/Src/stm32f4xx_hal_gpio.o
LOAD Drivers/STM32F4xx_HAL_Driver/Src/stm32f4xx_hal_pwr.o
LOAD Drivers/STM32F4xx_HAL_Driver/Src/stm32f4xx_hal_pwr_ex.o
LOAD Drivers/STM32F4xx_HAL_Driver/Src/stm32f4xx_hal_rcc.o
LOAD Drivers/STM32F4xx_HAL_Driver/Src/stm32f4xx_hal_rcc_ex.o
LOAD Drivers/STM32F4xx_HAL_Driver/Src/stm32f4xx_hal_tim.o
LOAD Drivers/STM32F4xx_HAL_Driver/Src/stm32f4xx_hal_tim_ex.o
LOAD Drivers/STM32F4xx_HAL_Driver/Src/stm32f4xx_ll_dma.o
LOAD Drivers/STM32F4xx_HAL_Driver/Src/stm32f4xx_ll_exti.o
LOAD Drivers/STM32F4xx_HAL_Driver/Src/stm32f4xx_ll_gpio.o
LOAD Drivers/STM32F4xx_HAL_Driver/Src/stm32f4xx_ll_rcc.o
LOAD Drivers/STM32F4xx_HAL_Driver/Src/stm32f4xx_ll_tim.o
LOAD Drivers/STM32F4xx_HAL_Driver/Src/stm32f4xx_ll_usart.o
LOAD Drivers/STM32F4xx_HAL_Driver/Src/stm32f4xx_ll_utils.o
START GROUP
LOAD c:/st/stm32cubeide_1.3.0/stm32cubeide/plugins/com.st.stm32cube.ide.mcu.externaltools.gnu-tools-for-stm32.7-2018-q2-update.win32_1.0.0.201904181610/tools/bin/../lib/gcc/arm-none-eabi/7.3.1/../../../../arm-none-eabi/lib/thumb/v7e-m/fpv4-sp/hard\libc_nano.a
LOAD c:/st/stm32cubeide_1.3.0/stm32cubeide/plugins/com.st.stm32cube.ide.mcu.externaltools.gnu-tools-for-stm32.7-2018-q2-update.win32_1.0.0.201904181610/tools/bin/../lib/gcc/arm-none-eabi/7.3.1/../../../../arm-none-eabi/lib/thumb/v7e-m/fpv4-sp/hard\libm.a
END GROUP
START GROUP
LOAD c:/st/stm32cubeide_1.3.0/stm32cubeide/plugins/com.st.stm32cube.ide.mcu.externaltools.gnu-tools-for-stm32.7-2018-q2-update.win32_1.0.0.201904181610/tools/bin/../lib/gcc/arm-none-eabi/7.3.1/thumb/v7e-m/fpv4-sp/hard\libgcc.a
LOAD c:/st/stm32cubeide_1.3.0/stm32cubeide/plugins/com.st.stm32cube.ide.mcu.externaltools.gnu-tools-for-stm32.7-2018-q2-update.win32_1.0.0.201904181610/tools/bin/../lib/gcc/arm-none-eabi/7.3.1/../../../../arm-none-eabi/lib/thumb/v7e-m/fpv4-sp/hard\libc_nano.a
END GROUP
START GROUP
LOAD c:/st/stm32cubeide_1.3.0/stm32cubeide/plugins/com.st.stm32cube.ide.mcu.externaltools.gnu-tools-for-stm32.7-2018-q2-update.win32_1.0.0.201904181610/tools/bin/../lib/gcc/arm-none-eabi/7.3.1/thumb/v7e-m/fpv4-sp/hard\libgcc.a
LOAD c:/st/stm32cubeide_1.3.0/stm32cubeide/plugins/com.st.stm32cube.ide.mcu.externaltools.gnu-tools-for-stm32.7-2018-q2-update.win32_1.0.0.201904181610/tools/bin/../lib/gcc/arm-none-eabi/7.3.1/../../../../arm-none-eabi/lib/thumb/v7e-m/fpv4-sp/hard\libc_nano.a
LOAD c:/st/stm32cubeide_1.3.0/stm32cubeide/plugins/com.st.stm32cube.ide.mcu.externaltools.gnu-tools-for-stm32.7-2018-q2-update.win32_1.0.0.201904181610/tools/bin/../lib/gcc/arm-none-eabi/7.3.1/../../../../arm-none-eabi/lib/thumb/v7e-m/fpv4-sp/hard\libnosys.a
END GROUP
START GROUP
LOAD c:/st/stm32cubeide_1.3.0/stm32cubeide/plugins/com.st.stm32cube.ide.mcu.externaltools.gnu-tools-for-stm32.7-2018-q2-update.win32_1.0.0.201904181610/tools/bin/../lib/gcc/arm-none-eabi/7.3.1/thumb/v7e-m/fpv4-sp/hard\libgcc.a
LOAD c:/st/stm32cubeide_1.3.0/stm32cubeide/plugins/com.st.stm32cube.ide.mcu.externaltools.gnu-tools-for-stm32.7-2018-q2-update.win32_1.0.0.201904181610/tools/bin/../lib/gcc/arm-none-eabi/7.3.1/../../../../arm-none-eabi/lib/thumb/v7e-m/fpv4-sp/hard\libc_nano.a
LOAD c:/st/stm32cubeide_1.3.0/stm32cubeide/plugins/com.st.stm32cube.ide.mcu.externaltools.gnu-tools-for-stm32.7-2018-q2-update.win32_1.0.0.201904181610/tools/bin/../lib/gcc/arm-none-eabi/7.3.1/../../../../arm-none-eabi/lib/thumb/v7e-m/fpv4-sp/hard\libnosys.a
END GROUP
LOAD c:/st/stm32cubeide_1.3.0/stm32cubeide/plugins/com.st.stm32cube.ide.mcu.externaltools.gnu-tools-for-stm32.7-2018-q2-update.win32_1.0.0.201904181610/tools/bin/../lib/gcc/arm-none-eabi/7.3.1/thumb/v7e-m/fpv4-sp/hard/crtend.o
LOAD c:/st/stm32cubeide_1.3.0/stm32cubeide/plugins/com.st.stm32cube.ide.mcu.externaltools.gnu-tools-for-stm32.7-2018-q2-update.win32_1.0.0.201904181610/tools/bin/../lib/gcc/arm-none-eabi/7.3.1/thumb/v7e-m/fpv4-sp/hard/crtn.o
                0x0000000020020000                _estack = (ORIGIN (RAM) + LENGTH (RAM))
                0x0000000000000200                _Min_Heap_Size = 0x200
                0x0000000000000400                _Min_Stack_Size = 0x400

.isr_vector     0x0000000008000000      0x188
                0x0000000008000000                . = ALIGN (0x4)
 *(.isr_vector)
 .isr_vector    0x0000000008000000      0x188 Core/Startup/startup_stm32f405rgtx.o
                0x0000000008000000                g_pfnVectors
                0x0000000008000188                . = ALIGN (0x4)

.text           0x0000000008000188     0x2818
                0x0000000008000188                . = ALIGN (0x4)
 *(.text)
 .text          0x0000000008000188       0x40 c:/st/stm32cubeide_1.3.0/stm32cubeide/plugins/com.st.stm32cube.ide.mcu.externaltools.gnu-tools-for-stm32.7-2018-q2-update.win32_1.0.0.201904181610/tools/bin/../lib/gcc/arm-none-eabi/7.3.1/thumb/v7e-m/fpv4-sp/hard/crtbegin.o
 .text          0x00000000080001c8       0x30 c:/st/stm32cubeide_1.3.0/stm32cubeide/plugins/com.st.stm32cube.ide.mcu.externaltools.gnu-tools-for-stm32.7-2018-q2-update.win32_1.0.0.201904181610/tools/bin/../lib/gcc/arm-none-eabi/7.3.1/thumb/v7e-m/fpv4-sp/hard\libgcc.a(_aeabi_uldivmod.o)
                0x00000000080001c8                __aeabi_uldivmod
 .text          0x00000000080001f8      0x2cc c:/st/stm32cubeide_1.3.0/stm32cubeide/plugins/com.st.stm32cube.ide.mcu.externaltools.gnu-tools-for-stm32.7-2018-q2-update.win32_1.0.0.201904181610/tools/bin/../lib/gcc/arm-none-eabi/7.3.1/thumb/v7e-m/fpv4-sp/hard\libgcc.a(_udivmoddi4.o)
                0x00000000080001f8                __udivmoddi4
 .text          0x00000000080004c4        0x4 c:/st/stm32cubeide_1.3.0/stm32cubeide/plugins/com.st.stm32cube.ide.mcu.externaltools.gnu-tools-for-stm32.7-2018-q2-update.win32_1.0.0.201904181610/tools/bin/../lib/gcc/arm-none-eabi/7.3.1/thumb/v7e-m/fpv4-sp/hard\libgcc.a(_dvmd_tls.o)
                0x00000000080004c4                __aeabi_idiv0
                0x00000000080004c4                __aeabi_ldiv0
 *(.text*)
 .text.LL_GPIO_ResetOutputPin
                0x00000000080004c8       0x1e Core/Src/gpio.o
 *fill*         0x00000000080004e6        0x2 
 .text.LL_AHB1_GRP1_EnableClock
                0x00000000080004e8       0x30 Core/Src/gpio.o
 .text.MX_GPIO_Init
                0x0000000008000518       0x5c Core/Src/gpio.o
                0x0000000008000518                MX_GPIO_Init
 .text.LL_TIM_EnableCounter
                0x0000000008000574       0x20 Core/Src/main.o
 .text.LL_TIM_CC_EnableChannel
                0x0000000008000594       0x22 Core/Src/main.o
 .text.LL_TIM_CC_DisableChannel
                0x00000000080005b6       0x24 Core/Src/main.o
 .text.LL_USART_TransmitData8
                0x00000000080005da       0x1e Core/Src/main.o
 .text.main     0x00000000080005f8       0x78 Core/Src/main.o
                0x00000000080005f8                main
 .text.SystemClock_Config
                0x0000000008000670       0xd4 Core/Src/main.o
                0x0000000008000670                SystemClock_Config
 .text.Error_Handler
                0x0000000008000744        0xe Core/Src/main.o
                0x0000000008000744                Error_Handler
 *fill*         0x0000000008000752        0x2 
 .text.HAL_MspInit
                0x0000000008000754       0x50 Core/Src/stm32f4xx_hal_msp.o
                0x0000000008000754                HAL_MspInit
 .text.NMI_Handler
                0x00000000080007a4        0xe Core/Src/stm32f4xx_it.o
                0x00000000080007a4                NMI_Handler
 .text.HardFault_Handler
                0x00000000080007b2        0x6 Core/Src/stm32f4xx_it.o
                0x00000000080007b2                HardFault_Handler
 .text.MemManage_Handler
                0x00000000080007b8        0x6 Core/Src/stm32f4xx_it.o
                0x00000000080007b8                MemManage_Handler
 .text.BusFault_Handler
                0x00000000080007be        0x6 Core/Src/stm32f4xx_it.o
                0x00000000080007be                BusFault_Handler
 .text.UsageFault_Handler
                0x00000000080007c4        0x6 Core/Src/stm32f4xx_it.o
                0x00000000080007c4                UsageFault_Handler
 .text.SVC_Handler
                0x00000000080007ca        0xe Core/Src/stm32f4xx_it.o
                0x00000000080007ca                SVC_Handler
 .text.DebugMon_Handler
                0x00000000080007d8        0xe Core/Src/stm32f4xx_it.o
                0x00000000080007d8                DebugMon_Handler
 .text.PendSV_Handler
                0x00000000080007e6        0xe Core/Src/stm32f4xx_it.o
                0x00000000080007e6                PendSV_Handler
 .text.SysTick_Handler
                0x00000000080007f4        0xc Core/Src/stm32f4xx_it.o
                0x00000000080007f4                SysTick_Handler
 .text.USART6_IRQHandler
                0x0000000008000800        0xe Core/Src/stm32f4xx_it.o
                0x0000000008000800                USART6_IRQHandler
 *fill*         0x000000000800080e        0x2 
 .text.SystemInit
                0x0000000008000810       0x2c Core/Src/system_stm32f4xx.o
                0x0000000008000810                SystemInit
 .text.LL_TIM_EnableARRPreload
                0x000000000800083c       0x20 Core/Src/tim.o
 .text.LL_TIM_OC_EnableFast
                0x000000000800085c       0x84 Core/Src/tim.o
 .text.LL_TIM_OC_EnablePreload
                0x00000000080008e0       0x84 Core/Src/tim.o
 .text.LL_TIM_SetClockSource
                0x0000000008000964       0x2a Core/Src/tim.o
 .text.LL_TIM_SetTriggerOutput
                0x000000000800098e       0x26 Core/Src/tim.o
 .text.LL_TIM_DisableMasterSlaveMode
                0x00000000080009b4       0x20 Core/Src/tim.o
 .text.LL_AHB1_GRP1_EnableClock
                0x00000000080009d4       0x30 Core/Src/tim.o
 .text.LL_APB1_GRP1_EnableClock
                0x0000000008000a04       0x30 Core/Src/tim.o
 .text.MX_TIM3_Init
                0x0000000008000a34       0xe4 Core/Src/tim.o
                0x0000000008000a34                MX_TIM3_Init
 .text.__NVIC_GetPriorityGrouping
                0x0000000008000b18       0x1c Core/Src/usart.o
 .text.__NVIC_EnableIRQ
                0x0000000008000b34       0x3c Core/Src/usart.o
 .text.__NVIC_SetPriority
                0x0000000008000b70       0x54 Core/Src/usart.o
 .text.NVIC_EncodePriority
                0x0000000008000bc4       0x66 Core/Src/usart.o
 .text.LL_USART_Enable
                0x0000000008000c2a       0x20 Core/Src/usart.o
 .text.LL_USART_ConfigAsyncMode
                0x0000000008000c4a       0x2c Core/Src/usart.o
 *fill*         0x0000000008000c76        0x2 
 .text.LL_AHB1_GRP1_EnableClock
                0x0000000008000c78       0x30 Core/Src/usart.o
 .text.LL_APB2_GRP1_EnableClock
                0x0000000008000ca8       0x30 Core/Src/usart.o
 .text.MX_USART6_UART_Init
                0x0000000008000cd8       0xc0 Core/Src/usart.o
                0x0000000008000cd8                MX_USART6_UART_Init
 .text.Reset_Handler
                0x0000000008000d98       0x50 Core/Startup/startup_stm32f405rgtx.o
                0x0000000008000d98                Reset_Handler
 .text.Default_Handler
                0x0000000008000de8        0x2 Core/Startup/startup_stm32f405rgtx.o
                0x0000000008000de8                RTC_Alarm_IRQHandler
                0x0000000008000de8                HASH_RNG_IRQHandler
                0x0000000008000de8                EXTI2_IRQHandler
                0x0000000008000de8                TIM8_CC_IRQHandler
                0x0000000008000de8                TIM1_CC_IRQHandler
                0x0000000008000de8                DMA2_Stream5_IRQHandler
                0x0000000008000de8                DMA1_Stream5_IRQHandler
                0x0000000008000de8                PVD_IRQHandler
                0x0000000008000de8                SDIO_IRQHandler
                0x0000000008000de8                TAMP_STAMP_IRQHandler
                0x0000000008000de8                CAN2_RX1_IRQHandler
                0x0000000008000de8                EXTI3_IRQHandler
                0x0000000008000de8                TIM8_TRG_COM_TIM14_IRQHandler
                0x0000000008000de8                TIM1_UP_TIM10_IRQHandler
                0x0000000008000de8                TIM8_UP_TIM13_IRQHandler
                0x0000000008000de8                I2C3_ER_IRQHandler
                0x0000000008000de8                EXTI0_IRQHandler
                0x0000000008000de8                I2C2_EV_IRQHandler
                0x0000000008000de8                DMA1_Stream2_IRQHandler
                0x0000000008000de8                CAN1_RX0_IRQHandler
                0x0000000008000de8                FPU_IRQHandler
                0x0000000008000de8                OTG_HS_WKUP_IRQHandler
                0x0000000008000de8                CAN2_SCE_IRQHandler
                0x0000000008000de8                DMA2_Stream2_IRQHandler
                0x0000000008000de8                SPI1_IRQHandler
                0x0000000008000de8                TIM6_DAC_IRQHandler
                0x0000000008000de8                TIM1_BRK_TIM9_IRQHandler
                0x0000000008000de8                CAN2_RX0_IRQHandler
                0x0000000008000de8                DMA2_Stream3_IRQHandler
                0x0000000008000de8                USART3_IRQHandler
                0x0000000008000de8                CAN1_RX1_IRQHandler
                0x0000000008000de8                UART5_IRQHandler
                0x0000000008000de8                DMA2_Stream0_IRQHandler
                0x0000000008000de8                TIM4_IRQHandler
                0x0000000008000de8                I2C1_EV_IRQHandler
                0x0000000008000de8                DMA1_Stream6_IRQHandler
                0x0000000008000de8                DMA1_Stream1_IRQHandler
                0x0000000008000de8                UART4_IRQHandler
                0x0000000008000de8                TIM3_IRQHandler
                0x0000000008000de8                RCC_IRQHandler
                0x0000000008000de8                TIM8_BRK_TIM12_IRQHandler
                0x0000000008000de8                Default_Handler
                0x0000000008000de8                EXTI15_10_IRQHandler
                0x0000000008000de8                ADC_IRQHandler
                0x0000000008000de8                DMA1_Stream7_IRQHandler
                0x0000000008000de8                TIM7_IRQHandler
                0x0000000008000de8                CAN2_TX_IRQHandler
                0x0000000008000de8                TIM5_IRQHandler
                0x0000000008000de8                DMA2_Stream7_IRQHandler
                0x0000000008000de8                I2C3_EV_IRQHandler
                0x0000000008000de8                EXTI9_5_IRQHandler
                0x0000000008000de8                RTC_WKUP_IRQHandler
                0x0000000008000de8                SPI2_IRQHandler
                0x0000000008000de8                OTG_HS_EP1_IN_IRQHandler
                0x0000000008000de8                DMA1_Stream0_IRQHandler
                0x0000000008000de8                CAN1_TX_IRQHandler
                0x0000000008000de8                EXTI4_IRQHandler
                0x0000000008000de8                FSMC_IRQHandler
                0x0000000008000de8                OTG_HS_EP1_OUT_IRQHandler
                0x0000000008000de8                WWDG_IRQHandler
                0x0000000008000de8                TIM2_IRQHandler
                0x0000000008000de8                OTG_FS_WKUP_IRQHandler
                0x0000000008000de8                TIM1_TRG_COM_TIM11_IRQHandler
                0x0000000008000de8                OTG_HS_IRQHandler
                0x0000000008000de8                EXTI1_IRQHandler
                0x0000000008000de8                USART2_IRQHandler
                0x0000000008000de8                I2C2_ER_IRQHandler
                0x0000000008000de8                DMA2_Stream1_IRQHandler
                0x0000000008000de8                CAN1_SCE_IRQHandler
                0x0000000008000de8                FLASH_IRQHandler
                0x0000000008000de8                DMA2_Stream4_IRQHandler
                0x0000000008000de8                USART1_IRQHandler
                0x0000000008000de8                OTG_FS_IRQHandler
                0x0000000008000de8                SPI3_IRQHandler
                0x0000000008000de8                DMA1_Stream4_IRQHandler
                0x0000000008000de8                I2C1_ER_IRQHandler
                0x0000000008000de8                DMA2_Stream6_IRQHandler
                0x0000000008000de8                DMA1_Stream3_IRQHandler
 *fill*         0x0000000008000dea        0x2 
 .text.HAL_Init
                0x0000000008000dec       0x44 Drivers/STM32F4xx_HAL_Driver/Src/stm32f4xx_hal.o
                0x0000000008000dec                HAL_Init
 .text.HAL_InitTick
                0x0000000008000e30       0x60 Drivers/STM32F4xx_HAL_Driver/Src/stm32f4xx_hal.o
                0x0000000008000e30                HAL_InitTick
 .text.HAL_IncTick
                0x0000000008000e90       0x28 Drivers/STM32F4xx_HAL_Driver/Src/stm32f4xx_hal.o
                0x0000000008000e90                HAL_IncTick
 .text.HAL_GetTick
                0x0000000008000eb8       0x18 Drivers/STM32F4xx_HAL_Driver/Src/stm32f4xx_hal.o
                0x0000000008000eb8                HAL_GetTick
 .text.HAL_Delay
                0x0000000008000ed0       0x44 Drivers/STM32F4xx_HAL_Driver/Src/stm32f4xx_hal.o
                0x0000000008000ed0                HAL_Delay
 .text.__NVIC_SetPriorityGrouping
                0x0000000008000f14       0x48 Drivers/STM32F4xx_HAL_Driver/Src/stm32f4xx_hal_cortex.o
 .text.__NVIC_GetPriorityGrouping
                0x0000000008000f5c       0x1c Drivers/STM32F4xx_HAL_Driver/Src/stm32f4xx_hal_cortex.o
 .text.__NVIC_SetPriority
                0x0000000008000f78       0x54 Drivers/STM32F4xx_HAL_Driver/Src/stm32f4xx_hal_cortex.o
 .text.NVIC_EncodePriority
                0x0000000008000fcc       0x66 Drivers/STM32F4xx_HAL_Driver/Src/stm32f4xx_hal_cortex.o
 *fill*         0x0000000008001032        0x2 
 .text.SysTick_Config
                0x0000000008001034       0x44 Drivers/STM32F4xx_HAL_Driver/Src/stm32f4xx_hal_cortex.o
 .text.HAL_NVIC_SetPriorityGrouping
                0x0000000008001078       0x16 Drivers/STM32F4xx_HAL_Driver/Src/stm32f4xx_hal_cortex.o
                0x0000000008001078                HAL_NVIC_SetPriorityGrouping
 .text.HAL_NVIC_SetPriority
                0x000000000800108e       0x38 Drivers/STM32F4xx_HAL_Driver/Src/stm32f4xx_hal_cortex.o
                0x000000000800108e                HAL_NVIC_SetPriority
 .text.HAL_SYSTICK_Config
                0x00000000080010c6       0x18 Drivers/STM32F4xx_HAL_Driver/Src/stm32f4xx_hal_cortex.o
                0x00000000080010c6                HAL_SYSTICK_Config
 *fill*         0x00000000080010de        0x2 
 .text.HAL_RCC_OscConfig
                0x00000000080010e0      0x4e0 Drivers/STM32F4xx_HAL_Driver/Src/stm32f4xx_hal_rcc.o
                0x00000000080010e0                HAL_RCC_OscConfig
 .text.HAL_RCC_ClockConfig
                0x00000000080015c0      0x1cc Drivers/STM32F4xx_HAL_Driver/Src/stm32f4xx_hal_rcc.o
                0x00000000080015c0                HAL_RCC_ClockConfig
 .text.HAL_RCC_GetSysClockFreq
                0x000000000800178c      0x1b0 Drivers/STM32F4xx_HAL_Driver/Src/stm32f4xx_hal_rcc.o
                0x000000000800178c                HAL_RCC_GetSysClockFreq
 .text.LL_GPIO_SetPinMode
                0x000000000800193c       0x5e Drivers/STM32F4xx_HAL_Driver/Src/stm32f4xx_ll_gpio.o
 .text.LL_GPIO_SetPinOutputType
                0x000000000800199a       0x30 Drivers/STM32F4xx_HAL_Driver/Src/stm32f4xx_ll_gpio.o
 .text.LL_GPIO_SetPinSpeed
                0x00000000080019ca       0x5e Drivers/STM32F4xx_HAL_Driver/Src/stm32f4xx_ll_gpio.o
 .text.LL_GPIO_SetPinPull
                0x0000000008001a28       0x5e Drivers/STM32F4xx_HAL_Driver/Src/stm32f4xx_ll_gpio.o
 .text.LL_GPIO_SetAFPin_0_7
                0x0000000008001a86       0x5e Drivers/STM32F4xx_HAL_Driver/Src/stm32f4xx_ll_gpio.o
 .text.LL_GPIO_SetAFPin_8_15
                0x0000000008001ae4       0x62 Drivers/STM32F4xx_HAL_Driver/Src/stm32f4xx_ll_gpio.o
 .text.LL_GPIO_Init
                0x0000000008001b46       0xe6 Drivers/STM32F4xx_HAL_Driver/Src/stm32f4xx_ll_gpio.o
                0x0000000008001b46                LL_GPIO_Init
 .text.LL_RCC_GetSysClkSource
                0x0000000008001c2c       0x1c Drivers/STM32F4xx_HAL_Driver/Src/stm32f4xx_ll_rcc.o
 .text.LL_RCC_GetAHBPrescaler
                0x0000000008001c48       0x1c Drivers/STM32F4xx_HAL_Driver/Src/stm32f4xx_ll_rcc.o
 .text.LL_RCC_GetAPB1Prescaler
                0x0000000008001c64       0x1c Drivers/STM32F4xx_HAL_Driver/Src/stm32f4xx_ll_rcc.o
 .text.LL_RCC_GetAPB2Prescaler
                0x0000000008001c80       0x1c Drivers/STM32F4xx_HAL_Driver/Src/stm32f4xx_ll_rcc.o
 .text.LL_RCC_PLL_GetMainSource
                0x0000000008001c9c       0x1c Drivers/STM32F4xx_HAL_Driver/Src/stm32f4xx_ll_rcc.o
 .text.LL_RCC_PLL_GetN
                0x0000000008001cb8       0x1c Drivers/STM32F4xx_HAL_Driver/Src/stm32f4xx_ll_rcc.o
 .text.LL_RCC_PLL_GetP
                0x0000000008001cd4       0x1c Drivers/STM32F4xx_HAL_Driver/Src/stm32f4xx_ll_rcc.o
 .text.LL_RCC_PLL_GetDivider
                0x0000000008001cf0       0x1c Drivers/STM32F4xx_HAL_Driver/Src/stm32f4xx_ll_rcc.o
 .text.LL_RCC_GetSystemClocksFreq
                0x0000000008001d0c       0x4a Drivers/STM32F4xx_HAL_Driver/Src/stm32f4xx_ll_rcc.o
                0x0000000008001d0c                LL_RCC_GetSystemClocksFreq
 *fill*         0x0000000008001d56        0x2 
 .text.RCC_GetSystemClockFreq
                0x0000000008001d58       0x4c Drivers/STM32F4xx_HAL_Driver/Src/stm32f4xx_ll_rcc.o
                0x0000000008001d58                RCC_GetSystemClockFreq
 .text.RCC_GetHCLKClockFreq
                0x0000000008001da4       0x2c Drivers/STM32F4xx_HAL_Driver/Src/stm32f4xx_ll_rcc.o
                0x0000000008001da4                RCC_GetHCLKClockFreq
 .text.RCC_GetPCLK1ClockFreq
                0x0000000008001dd0       0x28 Drivers/STM32F4xx_HAL_Driver/Src/stm32f4xx_ll_rcc.o
                0x0000000008001dd0                RCC_GetPCLK1ClockFreq
 .text.RCC_GetPCLK2ClockFreq
                0x0000000008001df8       0x28 Drivers/STM32F4xx_HAL_Driver/Src/stm32f4xx_ll_rcc.o
                0x0000000008001df8                RCC_GetPCLK2ClockFreq
 .text.RCC_PLL_GetFreqDomain_SYS
                0x0000000008001e20       0x7c Drivers/STM32F4xx_HAL_Driver/Src/stm32f4xx_ll_rcc.o
                0x0000000008001e20                RCC_PLL_GetFreqDomain_SYS
 .text.LL_TIM_SetPrescaler
                0x0000000008001e9c       0x1c Drivers/STM32F4xx_HAL_Driver/Src/stm32f4xx_ll_tim.o
 .text.LL_TIM_SetAutoReload
                0x0000000008001eb8       0x1c Drivers/STM32F4xx_HAL_Driver/Src/stm32f4xx_ll_tim.o
 .text.LL_TIM_SetRepetitionCounter
                0x0000000008001ed4       0x1c Drivers/STM32F4xx_HAL_Driver/Src/stm32f4xx_ll_tim.o
 .text.LL_TIM_OC_SetCompareCH1
                0x0000000008001ef0       0x1c Drivers/STM32F4xx_HAL_Driver/Src/stm32f4xx_ll_tim.o
 .text.LL_TIM_OC_SetCompareCH2
                0x0000000008001f0c       0x1c Drivers/STM32F4xx_HAL_Driver/Src/stm32f4xx_ll_tim.o
 .text.LL_TIM_OC_SetCompareCH3
                0x0000000008001f28       0x1c Drivers/STM32F4xx_HAL_Driver/Src/stm32f4xx_ll_tim.o
 .text.LL_TIM_OC_SetCompareCH4
                0x0000000008001f44       0x1c Drivers/STM32F4xx_HAL_Driver/Src/stm32f4xx_ll_tim.o
 .text.LL_TIM_GenerateEvent_UPDATE
                0x0000000008001f60       0x20 Drivers/STM32F4xx_HAL_Driver/Src/stm32f4xx_ll_tim.o
 .text.LL_TIM_Init
                0x0000000008001f80      0x134 Drivers/STM32F4xx_HAL_Driver/Src/stm32f4xx_ll_tim.o
                0x0000000008001f80                LL_TIM_Init
 .text.LL_TIM_OC_Init
                0x00000000080020b4       0x70 Drivers/STM32F4xx_HAL_Driver/Src/stm32f4xx_ll_tim.o
                0x00000000080020b4                LL_TIM_OC_Init
 .text.OC1Config
                0x0000000008002124       0xd8 Drivers/STM32F4xx_HAL_Driver/Src/stm32f4xx_ll_tim.o
 .text.OC2Config
                0x00000000080021fc       0xe0 Drivers/STM32F4xx_HAL_Driver/Src/stm32f4xx_ll_tim.o
 .text.OC3Config
                0x00000000080022dc       0xe0 Drivers/STM32F4xx_HAL_Driver/Src/stm32f4xx_ll_tim.o
 .text.OC4Config
                0x00000000080023bc       0xb0 Drivers/STM32F4xx_HAL_Driver/Src/stm32f4xx_ll_tim.o
 .text.LL_USART_IsEnabled
                0x000000000800246c       0x28 Drivers/STM32F4xx_HAL_Driver/Src/stm32f4xx_ll_usart.o
 .text.LL_USART_SetStopBitsLength
                0x0000000008002494       0x26 Drivers/STM32F4xx_HAL_Driver/Src/stm32f4xx_ll_usart.o
 .text.LL_USART_SetHWFlowCtrl
                0x00000000080024ba       0x26 Drivers/STM32F4xx_HAL_Driver/Src/stm32f4xx_ll_usart.o
 .text.LL_USART_SetBaudRate
                0x00000000080024e0      0x350 Drivers/STM32F4xx_HAL_Driver/Src/stm32f4xx_ll_usart.o
 .text.LL_USART_Init
                0x0000000008002830      0x100 Drivers/STM32F4xx_HAL_Driver/Src/stm32f4xx_ll_usart.o
                0x0000000008002830                LL_USART_Init
 .text.__libc_init_array
                0x0000000008002930       0x48 c:/st/stm32cubeide_1.3.0/stm32cubeide/plugins/com.st.stm32cube.ide.mcu.externaltools.gnu-tools-for-stm32.7-2018-q2-update.win32_1.0.0.201904181610/tools/bin/../lib/gcc/arm-none-eabi/7.3.1/../../../../arm-none-eabi/lib/thumb/v7e-m/fpv4-sp/hard\libc_nano.a(lib_a-init.o)
                0x0000000008002930                __libc_init_array
 .text.memset   0x0000000008002978       0x10 c:/st/stm32cubeide_1.3.0/stm32cubeide/plugins/com.st.stm32cube.ide.mcu.externaltools.gnu-tools-for-stm32.7-2018-q2-update.win32_1.0.0.201904181610/tools/bin/../lib/gcc/arm-none-eabi/7.3.1/../../../../arm-none-eabi/lib/thumb/v7e-m/fpv4-sp/hard\libc_nano.a(lib_a-memset.o)
                0x0000000008002978                memset
 *(.glue_7)
 .glue_7        0x0000000008002988        0x0 linker stubs
 *(.glue_7t)
 .glue_7t       0x0000000008002988        0x0 linker stubs
 *(.eh_frame)
 .eh_frame      0x0000000008002988        0x0 c:/st/stm32cubeide_1.3.0/stm32cubeide/plugins/com.st.stm32cube.ide.mcu.externaltools.gnu-tools-for-stm32.7-2018-q2-update.win32_1.0.0.201904181610/tools/bin/../lib/gcc/arm-none-eabi/7.3.1/thumb/v7e-m/fpv4-sp/hard/crtbegin.o
 *(.init)
 .init          0x0000000008002988        0x4 c:/st/stm32cubeide_1.3.0/stm32cubeide/plugins/com.st.stm32cube.ide.mcu.externaltools.gnu-tools-for-stm32.7-2018-q2-update.win32_1.0.0.201904181610/tools/bin/../lib/gcc/arm-none-eabi/7.3.1/thumb/v7e-m/fpv4-sp/hard/crti.o
                0x0000000008002988                _init
 .init          0x000000000800298c        0x8 c:/st/stm32cubeide_1.3.0/stm32cubeide/plugins/com.st.stm32cube.ide.mcu.externaltools.gnu-tools-for-stm32.7-2018-q2-update.win32_1.0.0.201904181610/tools/bin/../lib/gcc/arm-none-eabi/7.3.1/thumb/v7e-m/fpv4-sp/hard/crtn.o
 *(.fini)
 .fini          0x0000000008002994        0x4 c:/st/stm32cubeide_1.3.0/stm32cubeide/plugins/com.st.stm32cube.ide.mcu.externaltools.gnu-tools-for-stm32.7-2018-q2-update.win32_1.0.0.201904181610/tools/bin/../lib/gcc/arm-none-eabi/7.3.1/thumb/v7e-m/fpv4-sp/hard/crti.o
                0x0000000008002994                _fini
 .fini          0x0000000008002998        0x8 c:/st/stm32cubeide_1.3.0/stm32cubeide/plugins/com.st.stm32cube.ide.mcu.externaltools.gnu-tools-for-stm32.7-2018-q2-update.win32_1.0.0.201904181610/tools/bin/../lib/gcc/arm-none-eabi/7.3.1/thumb/v7e-m/fpv4-sp/hard/crtn.o
                0x00000000080029a0                . = ALIGN (0x4)
                0x00000000080029a0                _etext = .

.vfp11_veneer   0x00000000080029a0        0x0
 .vfp11_veneer  0x00000000080029a0        0x0 linker stubs

.v4_bx          0x00000000080029a0        0x0
 .v4_bx         0x00000000080029a0        0x0 linker stubs

.iplt           0x00000000080029a0        0x0
 .iplt          0x00000000080029a0        0x0 c:/st/stm32cubeide_1.3.0/stm32cubeide/plugins/com.st.stm32cube.ide.mcu.externaltools.gnu-tools-for-stm32.7-2018-q2-update.win32_1.0.0.201904181610/tools/bin/../lib/gcc/arm-none-eabi/7.3.1/thumb/v7e-m/fpv4-sp/hard/crtbegin.o

.rodata         0x00000000080029a0       0x28
                0x00000000080029a0                . = ALIGN (0x4)
 *(.rodata)
 *(.rodata*)
 .rodata.AHBPrescTable
                0x00000000080029a0       0x10 Core/Src/system_stm32f4xx.o
                0x00000000080029a0                AHBPrescTable
 .rodata.APBPrescTable
                0x00000000080029b0        0x8 Core/Src/system_stm32f4xx.o
                0x00000000080029b0                APBPrescTable
 .rodata.OFFSET_TAB_CCMRx
                0x00000000080029b8        0x7 Core/Src/tim.o
 *fill*         0x00000000080029bf        0x1 
 .rodata.SHIFT_TAB_OCxx
                0x00000000080029c0        0x7 Core/Src/tim.o
                0x00000000080029c8                . = ALIGN (0x4)
 *fill*         0x00000000080029c7        0x1 

.ARM.extab      0x00000000080029c8        0x0
                0x00000000080029c8                . = ALIGN (0x4)
 *(.ARM.extab* .gnu.linkonce.armextab.*)
                0x00000000080029c8                . = ALIGN (0x4)

.ARM            0x00000000080029c8        0x8
                0x00000000080029c8                . = ALIGN (0x4)
                0x00000000080029c8                __exidx_start = .
 *(.ARM.exidx*)
 .ARM.exidx     0x00000000080029c8        0x8 c:/st/stm32cubeide_1.3.0/stm32cubeide/plugins/com.st.stm32cube.ide.mcu.externaltools.gnu-tools-for-stm32.7-2018-q2-update.win32_1.0.0.201904181610/tools/bin/../lib/gcc/arm-none-eabi/7.3.1/thumb/v7e-m/fpv4-sp/hard\libgcc.a(_udivmoddi4.o)
                0x00000000080029d0                __exidx_end = .
                0x00000000080029d0                . = ALIGN (0x4)

.rel.dyn        0x00000000080029d0        0x0
 .rel.iplt      0x00000000080029d0        0x0 c:/st/stm32cubeide_1.3.0/stm32cubeide/plugins/com.st.stm32cube.ide.mcu.externaltools.gnu-tools-for-stm32.7-2018-q2-update.win32_1.0.0.201904181610/tools/bin/../lib/gcc/arm-none-eabi/7.3.1/thumb/v7e-m/fpv4-sp/hard/crtbegin.o

.preinit_array  0x00000000080029d0        0x0
                0x00000000080029d0                . = ALIGN (0x4)
                0x00000000080029d0                PROVIDE (__preinit_array_start = .)
 *(.preinit_array*)
                0x00000000080029d0                PROVIDE (__preinit_array_end = .)
                0x00000000080029d0                . = ALIGN (0x4)

.init_array     0x00000000080029d0        0x4
                0x00000000080029d0                . = ALIGN (0x4)
                0x00000000080029d0                PROVIDE (__init_array_start = .)
 *(SORT_BY_NAME(.init_array.*))
 *(.init_array*)
 .init_array    0x00000000080029d0        0x4 c:/st/stm32cubeide_1.3.0/stm32cubeide/plugins/com.st.stm32cube.ide.mcu.externaltools.gnu-tools-for-stm32.7-2018-q2-update.win32_1.0.0.201904181610/tools/bin/../lib/gcc/arm-none-eabi/7.3.1/thumb/v7e-m/fpv4-sp/hard/crtbegin.o
                0x00000000080029d4                PROVIDE (__init_array_end = .)
                0x00000000080029d4                . = ALIGN (0x4)

.fini_array     0x00000000080029d4        0x4
                0x00000000080029d4                . = ALIGN (0x4)
                [!provide]                        PROVIDE (__fini_array_start = .)
 *(SORT_BY_NAME(.fini_array.*))
 *(.fini_array*)
 .fini_array    0x00000000080029d4        0x4 c:/st/stm32cubeide_1.3.0/stm32cubeide/plugins/com.st.stm32cube.ide.mcu.externaltools.gnu-tools-for-stm32.7-2018-q2-update.win32_1.0.0.201904181610/tools/bin/../lib/gcc/arm-none-eabi/7.3.1/thumb/v7e-m/fpv4-sp/hard/crtbegin.o
                [!provide]                        PROVIDE (__fini_array_end = .)
                0x00000000080029d8                . = ALIGN (0x4)
                0x00000000080029d8                _sidata = LOADADDR (.data)

.data           0x0000000020000000        0xc load address 0x00000000080029d8
                0x0000000020000000                . = ALIGN (0x4)
                0x0000000020000000                _sdata = .
 *(.data)
 *(.data*)
 .data.SystemCoreClock
                0x0000000020000000        0x4 Core/Src/system_stm32f4xx.o
                0x0000000020000000                SystemCoreClock
 .data.uwTickPrio
                0x0000000020000004        0x4 Drivers/STM32F4xx_HAL_Driver/Src/stm32f4xx_hal.o
                0x0000000020000004                uwTickPrio
 .data.uwTickFreq
                0x0000000020000008        0x1 Drivers/STM32F4xx_HAL_Driver/Src/stm32f4xx_hal.o
                0x0000000020000008                uwTickFreq
                0x000000002000000c                . = ALIGN (0x4)
 *fill*         0x0000000020000009        0x3 
                0x000000002000000c                _edata = .

.igot.plt       0x000000002000000c        0x0 load address 0x00000000080029e4
 .igot.plt      0x000000002000000c        0x0 c:/st/stm32cubeide_1.3.0/stm32cubeide/plugins/com.st.stm32cube.ide.mcu.externaltools.gnu-tools-for-stm32.7-2018-q2-update.win32_1.0.0.201904181610/tools/bin/../lib/gcc/arm-none-eabi/7.3.1/thumb/v7e-m/fpv4-sp/hard/crtbegin.o
                0x000000002000000c                . = ALIGN (0x4)

.bss            0x000000002000000c       0x20 load address 0x00000000080029e4
                0x000000002000000c                _sbss = .
                0x000000002000000c                __bss_start__ = _sbss
 *(.bss)
 .bss           0x000000002000000c       0x1c c:/st/stm32cubeide_1.3.0/stm32cubeide/plugins/com.st.stm32cube.ide.mcu.externaltools.gnu-tools-for-stm32.7-2018-q2-update.win32_1.0.0.201904181610/tools/bin/../lib/gcc/arm-none-eabi/7.3.1/thumb/v7e-m/fpv4-sp/hard/crtbegin.o
 *(.bss*)
 *(COMMON)
 COMMON         0x0000000020000028        0x4 Drivers/STM32F4xx_HAL_Driver/Src/stm32f4xx_hal.o
                0x0000000020000028                uwTick
                0x000000002000002c                . = ALIGN (0x4)
                0x000000002000002c                _ebss = .
                0x000000002000002c                __bss_end__ = _ebss

._user_heap_stack
                0x000000002000002c      0x604 load address 0x00000000080029e4
                0x0000000020000030                . = ALIGN (0x8)
 *fill*         0x000000002000002c        0x4 
                0x0000000020000030                PROVIDE (end = .)
                [!provide]                        PROVIDE (_end = .)
                0x0000000020000230                . = (. + _Min_Heap_Size)
 *fill*         0x0000000020000030      0x200 
                0x0000000020000630                . = (. + _Min_Stack_Size)
 *fill*         0x0000000020000230      0x400 
                0x0000000020000630                . = ALIGN (0x8)

/DISCARD/
 libc.a(*)
 libm.a(*)
 libgcc.a(*)

.ARM.attributes
                0x0000000000000000       0x30
 *(.ARM.attributes)
 .ARM.attributes
                0x0000000000000000       0x22 c:/st/stm32cubeide_1.3.0/stm32cubeide/plugins/com.st.stm32cube.ide.mcu.externaltools.gnu-tools-for-stm32.7-2018-q2-update.win32_1.0.0.201904181610/tools/bin/../lib/gcc/arm-none-eabi/7.3.1/thumb/v7e-m/fpv4-sp/hard/crti.o
 .ARM.attributes
                0x0000000000000022       0x34 c:/st/stm32cubeide_1.3.0/stm32cubeide/plugins/com.st.stm32cube.ide.mcu.externaltools.gnu-tools-for-stm32.7-2018-q2-update.win32_1.0.0.201904181610/tools/bin/../lib/gcc/arm-none-eabi/7.3.1/thumb/v7e-m/fpv4-sp/hard/crtbegin.o
 .ARM.attributes
                0x0000000000000056       0x39 Core/Src/gpio.o
 .ARM.attributes
                0x000000000000008f       0x39 Core/Src/main.o
 .ARM.attributes
                0x00000000000000c8       0x39 Core/Src/stm32f4xx_hal_msp.o
 .ARM.attributes
                0x0000000000000101       0x39 Core/Src/stm32f4xx_it.o
 .ARM.attributes
                0x000000000000013a       0x39 Core/Src/system_stm32f4xx.o
 .ARM.attributes
                0x0000000000000173       0x39 Core/Src/tim.o
 .ARM.attributes
                0x00000000000001ac       0x39 Core/Src/usart.o
 .ARM.attributes
                0x00000000000001e5       0x21 Core/Startup/startup_stm32f405rgtx.o
 .ARM.attributes
                0x0000000000000206       0x39 Drivers/STM32F4xx_HAL_Driver/Src/stm32f4xx_hal.o
 .ARM.attributes
                0x000000000000023f       0x39 Drivers/STM32F4xx_HAL_Driver/Src/stm32f4xx_hal_cortex.o
 .ARM.attributes
                0x0000000000000278       0x39 Drivers/STM32F4xx_HAL_Driver/Src/stm32f4xx_hal_rcc.o
 .ARM.attributes
                0x00000000000002b1       0x39 Drivers/STM32F4xx_HAL_Driver/Src/stm32f4xx_ll_gpio.o
 .ARM.attributes
                0x00000000000002ea       0x39 Drivers/STM32F4xx_HAL_Driver/Src/stm32f4xx_ll_rcc.o
 .ARM.attributes
                0x0000000000000323       0x39 Drivers/STM32F4xx_HAL_Driver/Src/stm32f4xx_ll_tim.o
 .ARM.attributes
                0x000000000000035c       0x39 Drivers/STM32F4xx_HAL_Driver/Src/stm32f4xx_ll_usart.o
 .ARM.attributes
                0x0000000000000395       0x34 c:/st/stm32cubeide_1.3.0/stm32cubeide/plugins/com.st.stm32cube.ide.mcu.externaltools.gnu-tools-for-stm32.7-2018-q2-update.win32_1.0.0.201904181610/tools/bin/../lib/gcc/arm-none-eabi/7.3.1/../../../../arm-none-eabi/lib/thumb/v7e-m/fpv4-sp/hard\libc_nano.a(lib_a-init.o)
 .ARM.attributes
                0x00000000000003c9       0x34 c:/st/stm32cubeide_1.3.0/stm32cubeide/plugins/com.st.stm32cube.ide.mcu.externaltools.gnu-tools-for-stm32.7-2018-q2-update.win32_1.0.0.201904181610/tools/bin/../lib/gcc/arm-none-eabi/7.3.1/../../../../arm-none-eabi/lib/thumb/v7e-m/fpv4-sp/hard\libc_nano.a(lib_a-memset.o)
 .ARM.attributes
                0x00000000000003fd       0x22 c:/st/stm32cubeide_1.3.0/stm32cubeide/plugins/com.st.stm32cube.ide.mcu.externaltools.gnu-tools-for-stm32.7-2018-q2-update.win32_1.0.0.201904181610/tools/bin/../lib/gcc/arm-none-eabi/7.3.1/thumb/v7e-m/fpv4-sp/hard\libgcc.a(_aeabi_uldivmod.o)
 .ARM.attributes
                0x000000000000041f       0x34 c:/st/stm32cubeide_1.3.0/stm32cubeide/plugins/com.st.stm32cube.ide.mcu.externaltools.gnu-tools-for-stm32.7-2018-q2-update.win32_1.0.0.201904181610/tools/bin/../lib/gcc/arm-none-eabi/7.3.1/thumb/v7e-m/fpv4-sp/hard\libgcc.a(_udivmoddi4.o)
 .ARM.attributes
                0x0000000000000453       0x22 c:/st/stm32cubeide_1.3.0/stm32cubeide/plugins/com.st.stm32cube.ide.mcu.externaltools.gnu-tools-for-stm32.7-2018-q2-update.win32_1.0.0.201904181610/tools/bin/../lib/gcc/arm-none-eabi/7.3.1/thumb/v7e-m/fpv4-sp/hard\libgcc.a(_dvmd_tls.o)
 .ARM.attributes
                0x0000000000000475       0x22 c:/st/stm32cubeide_1.3.0/stm32cubeide/plugins/com.st.stm32cube.ide.mcu.externaltools.gnu-tools-for-stm32.7-2018-q2-update.win32_1.0.0.201904181610/tools/bin/../lib/gcc/arm-none-eabi/7.3.1/thumb/v7e-m/fpv4-sp/hard/crtn.o
OUTPUT(1-3. Debug UART.elf elf32-littlearm)

.debug_info     0x0000000000000000     0x763a
 .debug_info    0x0000000000000000      0x527 Core/Src/gpio.o
 .debug_info    0x0000000000000527      0x7f0 Core/Src/main.o
 .debug_info    0x0000000000000d17      0x3dd Core/Src/stm32f4xx_hal_msp.o
 .debug_info    0x00000000000010f4      0x296 Core/Src/stm32f4xx_it.o
 .debug_info    0x000000000000138a      0x554 Core/Src/system_stm32f4xx.o
 .debug_info    0x00000000000018de      0x89f Core/Src/tim.o
 .debug_info    0x000000000000217d      0xc22 Core/Src/usart.o
 .debug_info    0x0000000000002d9f       0x22 Core/Startup/startup_stm32f405rgtx.o
 .debug_info    0x0000000000002dc1      0x933 Drivers/STM32F4xx_HAL_Driver/Src/stm32f4xx_hal.o
 .debug_info    0x00000000000036f4      0xe16 Drivers/STM32F4xx_HAL_Driver/Src/stm32f4xx_hal_cortex.o
 .debug_info    0x000000000000450a      0x904 Drivers/STM32F4xx_HAL_Driver/Src/stm32f4xx_hal_rcc.o
 .debug_info    0x0000000000004e0e      0x91b Drivers/STM32F4xx_HAL_Driver/Src/stm32f4xx_ll_gpio.o
 .debug_info    0x0000000000005729      0x7ff Drivers/STM32F4xx_HAL_Driver/Src/stm32f4xx_ll_rcc.o
 .debug_info    0x0000000000005f28      0xf68 Drivers/STM32F4xx_HAL_Driver/Src/stm32f4xx_ll_tim.o
 .debug_info    0x0000000000006e90      0x7aa Drivers/STM32F4xx_HAL_Driver/Src/stm32f4xx_ll_usart.o

.debug_abbrev   0x0000000000000000     0x1823
 .debug_abbrev  0x0000000000000000      0x161 Core/Src/gpio.o
 .debug_abbrev  0x0000000000000161      0x1ae Core/Src/main.o
 .debug_abbrev  0x000000000000030f      0x109 Core/Src/stm32f4xx_hal_msp.o
 .debug_abbrev  0x0000000000000418       0xd5 Core/Src/stm32f4xx_it.o
 .debug_abbrev  0x00000000000004ed      0x12b Core/Src/system_stm32f4xx.o
 .debug_abbrev  0x0000000000000618      0x177 Core/Src/tim.o
 .debug_abbrev  0x000000000000078f      0x1d0 Core/Src/usart.o
 .debug_abbrev  0x000000000000095f       0x12 Core/Startup/startup_stm32f405rgtx.o
 .debug_abbrev  0x0000000000000971      0x1c7 Drivers/STM32F4xx_HAL_Driver/Src/stm32f4xx_hal.o
 .debug_abbrev  0x0000000000000b38      0x2fa Drivers/STM32F4xx_HAL_Driver/Src/stm32f4xx_hal_cortex.o
 .debug_abbrev  0x0000000000000e32      0x245 Drivers/STM32F4xx_HAL_Driver/Src/stm32f4xx_hal_rcc.o
 .debug_abbrev  0x0000000000001077      0x212 Drivers/STM32F4xx_HAL_Driver/Src/stm32f4xx_ll_gpio.o
 .debug_abbrev  0x0000000000001289      0x1d2 Drivers/STM32F4xx_HAL_Driver/Src/stm32f4xx_ll_rcc.o
 .debug_abbrev  0x000000000000145b      0x1ff Drivers/STM32F4xx_HAL_Driver/Src/stm32f4xx_ll_tim.o
 .debug_abbrev  0x000000000000165a      0x1c9 Drivers/STM32F4xx_HAL_Driver/Src/stm32f4xx_ll_usart.o

.debug_aranges  0x0000000000000000      0x7e0
 .debug_aranges
                0x0000000000000000       0x30 Core/Src/gpio.o
 .debug_aranges
                0x0000000000000030       0x50 Core/Src/main.o
 .debug_aranges
                0x0000000000000080       0x20 Core/Src/stm32f4xx_hal_msp.o
 .debug_aranges
                0x00000000000000a0       0x68 Core/Src/stm32f4xx_it.o
 .debug_aranges
                0x0000000000000108       0x28 Core/Src/system_stm32f4xx.o
 .debug_aranges
                0x0000000000000130       0x60 Core/Src/tim.o
 .debug_aranges
                0x0000000000000190       0x60 Core/Src/usart.o
 .debug_aranges
                0x00000000000001f0       0x28 Core/Startup/startup_stm32f405rgtx.o
 .debug_aranges
                0x0000000000000218       0xf0 Drivers/STM32F4xx_HAL_Driver/Src/stm32f4xx_hal.o
 .debug_aranges
                0x0000000000000308      0x118 Drivers/STM32F4xx_HAL_Driver/Src/stm32f4xx_hal_cortex.o
 .debug_aranges
                0x0000000000000420       0x88 Drivers/STM32F4xx_HAL_Driver/Src/stm32f4xx_hal_rcc.o
 .debug_aranges
                0x00000000000004a8       0x70 Drivers/STM32F4xx_HAL_Driver/Src/stm32f4xx_ll_gpio.o
 .debug_aranges
                0x0000000000000518      0x118 Drivers/STM32F4xx_HAL_Driver/Src/stm32f4xx_ll_rcc.o
 .debug_aranges
                0x0000000000000630      0x128 Drivers/STM32F4xx_HAL_Driver/Src/stm32f4xx_ll_tim.o
 .debug_aranges
                0x0000000000000758       0x88 Drivers/STM32F4xx_HAL_Driver/Src/stm32f4xx_ll_usart.o

.debug_ranges   0x0000000000000000      0x6f8
 .debug_ranges  0x0000000000000000       0x20 Core/Src/gpio.o
 .debug_ranges  0x0000000000000020       0x40 Core/Src/main.o
 .debug_ranges  0x0000000000000060       0x10 Core/Src/stm32f4xx_hal_msp.o
 .debug_ranges  0x0000000000000070       0x58 Core/Src/stm32f4xx_it.o
 .debug_ranges  0x00000000000000c8       0x18 Core/Src/system_stm32f4xx.o
 .debug_ranges  0x00000000000000e0       0x50 Core/Src/tim.o
 .debug_ranges  0x0000000000000130       0x50 Core/Src/usart.o
 .debug_ranges  0x0000000000000180       0x20 Core/Startup/startup_stm32f405rgtx.o
 .debug_ranges  0x00000000000001a0       0xe0 Drivers/STM32F4xx_HAL_Driver/Src/stm32f4xx_hal.o
 .debug_ranges  0x0000000000000280      0x108 Drivers/STM32F4xx_HAL_Driver/Src/stm32f4xx_hal_cortex.o
 .debug_ranges  0x0000000000000388       0x78 Drivers/STM32F4xx_HAL_Driver/Src/stm32f4xx_hal_rcc.o
 .debug_ranges  0x0000000000000400       0x60 Drivers/STM32F4xx_HAL_Driver/Src/stm32f4xx_ll_gpio.o
 .debug_ranges  0x0000000000000460      0x108 Drivers/STM32F4xx_HAL_Driver/Src/stm32f4xx_ll_rcc.o
 .debug_ranges  0x0000000000000568      0x118 Drivers/STM32F4xx_HAL_Driver/Src/stm32f4xx_ll_tim.o
 .debug_ranges  0x0000000000000680       0x78 Drivers/STM32F4xx_HAL_Driver/Src/stm32f4xx_ll_usart.o

.debug_macro    0x0000000000000000    0x2068c
 .debug_macro   0x0000000000000000      0x227 Core/Src/gpio.o
 .debug_macro   0x0000000000000227      0xa60 Core/Src/gpio.o
 .debug_macro   0x0000000000000c87      0x17e Core/Src/gpio.o
 .debug_macro   0x0000000000000e05       0x2e Core/Src/gpio.o
 .debug_macro   0x0000000000000e33       0x2f Core/Src/gpio.o
 .debug_macro   0x0000000000000e62       0x22 Core/Src/gpio.o
 .debug_macro   0x0000000000000e84       0x8e Core/Src/gpio.o
 .debug_macro   0x0000000000000f12       0x51 Core/Src/gpio.o
 .debug_macro   0x0000000000000f63       0xef Core/Src/gpio.o
 .debug_macro   0x0000000000001052       0x6a Core/Src/gpio.o
 .debug_macro   0x00000000000010bc      0x1df Core/Src/gpio.o
 .debug_macro   0x000000000000129b       0x1c Core/Src/gpio.o
 .debug_macro   0x00000000000012b7       0x22 Core/Src/gpio.o
 .debug_macro   0x00000000000012d9       0xdf Core/Src/gpio.o
 .debug_macro   0x00000000000013b8     0x102d Core/Src/gpio.o
 .debug_macro   0x00000000000023e5      0x11f Core/Src/gpio.o
 .debug_macro   0x0000000000002504    0x14251 Core/Src/gpio.o
 .debug_macro   0x0000000000016755       0x43 Core/Src/gpio.o
 .debug_macro   0x0000000000016798     0x3659 Core/Src/gpio.o
 .debug_macro   0x0000000000019df1      0x174 Core/Src/gpio.o
 .debug_macro   0x0000000000019f65       0x5a Core/Src/gpio.o
 .debug_macro   0x0000000000019fbf      0x8a7 Core/Src/gpio.o
 .debug_macro   0x000000000001a866      0x9fe Core/Src/gpio.o
 .debug_macro   0x000000000001b264      0x174 Core/Src/gpio.o
 .debug_macro   0x000000000001b3d8      0x117 Core/Src/gpio.o
 .debug_macro   0x000000000001b4ef      0x130 Core/Src/gpio.o
 .debug_macro   0x000000000001b61f       0x27 Core/Src/gpio.o
 .debug_macro   0x000000000001b646      0x287 Core/Src/gpio.o
 .debug_macro   0x000000000001b8cd       0x5f Core/Src/gpio.o
 .debug_macro   0x000000000001b92c      0x236 Core/Src/gpio.o
 .debug_macro   0x000000000001bb62      0x12c Core/Src/gpio.o
 .debug_macro   0x000000000001bc8e      0x21e Core/Src/gpio.o
 .debug_macro   0x000000000001beac       0x2e Core/Src/gpio.o
 .debug_macro   0x000000000001beda      0x11a Core/Src/gpio.o
 .debug_macro   0x000000000001bff4       0x7e Core/Src/gpio.o
 .debug_macro   0x000000000001c072       0x89 Core/Src/gpio.o
 .debug_macro   0x000000000001c0fb      0x12d Core/Src/gpio.o
 .debug_macro   0x000000000001c228      0x5f3 Core/Src/gpio.o
 .debug_macro   0x000000000001c81b      0x1bb Core/Src/gpio.o
 .debug_macro   0x000000000001c9d6      0x781 Core/Src/gpio.o
 .debug_macro   0x000000000001d157      0x20a Core/Src/gpio.o
 .debug_macro   0x000000000001d361      0x149 Core/Src/gpio.o
 .debug_macro   0x000000000001d4aa       0xe8 Core/Src/gpio.o
 .debug_macro   0x000000000001d592      0x1b6 Core/Src/gpio.o
 .debug_macro   0x000000000001d748      0x1a8 Core/Src/gpio.o
 .debug_macro   0x000000000001d8f0       0x61 Core/Src/gpio.o
 .debug_macro   0x000000000001d951       0xab Core/Src/gpio.o
 .debug_macro   0x000000000001d9fc      0x1e6 Core/Src/gpio.o
 .debug_macro   0x000000000001dbe2      0x23f Core/Src/main.o
 .debug_macro   0x000000000001de21      0x21d Core/Src/stm32f4xx_hal_msp.o
 .debug_macro   0x000000000001e03e      0x227 Core/Src/stm32f4xx_it.o
 .debug_macro   0x000000000001e265      0x1b6 Core/Src/system_stm32f4xx.o
 .debug_macro   0x000000000001e41b      0x227 Core/Src/tim.o
 .debug_macro   0x000000000001e642      0x227 Core/Src/usart.o
 .debug_macro   0x000000000001e869      0x210 Drivers/STM32F4xx_HAL_Driver/Src/stm32f4xx_hal.o
 .debug_macro   0x000000000001ea79      0x1b0 Drivers/STM32F4xx_HAL_Driver/Src/stm32f4xx_hal_cortex.o
 .debug_macro   0x000000000001ec29      0x1d4 Drivers/STM32F4xx_HAL_Driver/Src/stm32f4xx_hal_rcc.o
 .debug_macro   0x000000000001edfd      0x1f2 Drivers/STM32F4xx_HAL_Driver/Src/stm32f4xx_ll_gpio.o
 .debug_macro   0x000000000001efef      0x143 Drivers/STM32F4xx_HAL_Driver/Src/stm32f4xx_ll_gpio.o
 .debug_macro   0x000000000001f132      0x1dd Drivers/STM32F4xx_HAL_Driver/Src/stm32f4xx_ll_rcc.o
 .debug_macro   0x000000000001f30f      0x77b Drivers/STM32F4xx_HAL_Driver/Src/stm32f4xx_ll_rcc.o
 .debug_macro   0x000000000001fa8a      0x23b Drivers/STM32F4xx_HAL_Driver/Src/stm32f4xx_ll_tim.o
 .debug_macro   0x000000000001fcc5      0x5ed Drivers/STM32F4xx_HAL_Driver/Src/stm32f4xx_ll_tim.o
 .debug_macro   0x00000000000202b2      0x225 Drivers/STM32F4xx_HAL_Driver/Src/stm32f4xx_ll_usart.o
 .debug_macro   0x00000000000204d7      0x1b5 Drivers/STM32F4xx_HAL_Driver/Src/stm32f4xx_ll_usart.o

.debug_line     0x0000000000000000     0x772c
 .debug_line    0x0000000000000000      0x7a5 Core/Src/gpio.o
 .debug_line    0x00000000000007a5      0x82a Core/Src/main.o
 .debug_line    0x0000000000000fcf      0x776 Core/Src/stm32f4xx_hal_msp.o
 .debug_line    0x0000000000001745      0x82b Core/Src/stm32f4xx_it.o
 .debug_line    0x0000000000001f70      0x693 Core/Src/system_stm32f4xx.o
 .debug_line    0x0000000000002603      0x8c7 Core/Src/tim.o
 .debug_line    0x0000000000002eca      0x852 Core/Src/usart.o
 .debug_line    0x000000000000371c       0x85 Core/Startup/startup_stm32f405rgtx.o
 .debug_line    0x00000000000037a1      0x87d Drivers/STM32F4xx_HAL_Driver/Src/stm32f4xx_hal.o
 .debug_line    0x000000000000401e      0x9a1 Drivers/STM32F4xx_HAL_Driver/Src/stm32f4xx_hal_cortex.o
 .debug_line    0x00000000000049bf      0x8d5 Drivers/STM32F4xx_HAL_Driver/Src/stm32f4xx_hal_rcc.o
 .debug_line    0x0000000000005294      0x865 Drivers/STM32F4xx_HAL_Driver/Src/stm32f4xx_ll_gpio.o
 .debug_line    0x0000000000005af9      0x958 Drivers/STM32F4xx_HAL_Driver/Src/stm32f4xx_ll_rcc.o
 .debug_line    0x0000000000006451      0xac2 Drivers/STM32F4xx_HAL_Driver/Src/stm32f4xx_ll_tim.o
 .debug_line    0x0000000000006f13      0x819 Drivers/STM32F4xx_HAL_Driver/Src/stm32f4xx_ll_usart.o

.debug_str      0x0000000000000000    0xbf883
 .debug_str     0x0000000000000000    0xbbb0d Core/Src/gpio.o
                                      0xbc01b (size before relaxing)
 .debug_str     0x00000000000bbb0d      0x219 Core/Src/main.o
                                      0xbc197 (size before relaxing)
 .debug_str     0x00000000000bbd26       0x2c Core/Src/stm32f4xx_hal_msp.o
                                      0xbbf5c (size before relaxing)
 .debug_str     0x00000000000bbd52       0xcf Core/Src/stm32f4xx_it.o
                                      0xbbefc (size before relaxing)
 .debug_str     0x00000000000bbe21       0xc4 Core/Src/system_stm32f4xx.o
                                      0xaf0bf (size before relaxing)
 .debug_str     0x00000000000bbee5      0x1b6 Core/Src/tim.o
                                      0xbc213 (size before relaxing)
 .debug_str     0x00000000000bc09b      0x628 Core/Src/usart.o
                                      0xbc6f3 (size before relaxing)
 .debug_str     0x00000000000bc6c3       0x36 Core/Startup/startup_stm32f405rgtx.o
                                         0x58 (size before relaxing)
 .debug_str     0x00000000000bc6f9      0x58f Drivers/STM32F4xx_HAL_Driver/Src/stm32f4xx_hal.o
                                      0xafb6b (size before relaxing)
 .debug_str     0x00000000000bcc88      0x30f Drivers/STM32F4xx_HAL_Driver/Src/stm32f4xx_hal_cortex.o
                                      0xaf95a (size before relaxing)
 .debug_str     0x00000000000bcf97      0x259 Drivers/STM32F4xx_HAL_Driver/Src/stm32f4xx_hal_rcc.o
                                      0xaf4ac (size before relaxing)
 .debug_str     0x00000000000bd1f0      0x677 Drivers/STM32F4xx_HAL_Driver/Src/stm32f4xx_ll_gpio.o
                                      0xb09de (size before relaxing)
 .debug_str     0x00000000000bd867      0x55a Drivers/STM32F4xx_HAL_Driver/Src/stm32f4xx_ll_rcc.o
                                      0xb35ae (size before relaxing)
 .debug_str     0x00000000000bddc1     0x12a8 Drivers/STM32F4xx_HAL_Driver/Src/stm32f4xx_ll_tim.o
                                      0xb40da (size before relaxing)
 .debug_str     0x00000000000bf069      0x81a Drivers/STM32F4xx_HAL_Driver/Src/stm32f4xx_ll_usart.o
                                      0xb5345 (size before relaxing)

.comment        0x0000000000000000       0x7b
 .comment       0x0000000000000000       0x7b Core/Src/gpio.o
                                         0x7c (size before relaxing)
 .comment       0x000000000000007b       0x7c Core/Src/main.o
 .comment       0x000000000000007b       0x7c Core/Src/stm32f4xx_hal_msp.o
 .comment       0x000000000000007b       0x7c Core/Src/stm32f4xx_it.o
 .comment       0x000000000000007b       0x7c Core/Src/system_stm32f4xx.o
 .comment       0x000000000000007b       0x7c Core/Src/tim.o
 .comment       0x000000000000007b       0x7c Core/Src/usart.o
 .comment       0x000000000000007b       0x7c Drivers/STM32F4xx_HAL_Driver/Src/stm32f4xx_hal.o
 .comment       0x000000000000007b       0x7c Drivers/STM32F4xx_HAL_Driver/Src/stm32f4xx_hal_cortex.o
 .comment       0x000000000000007b       0x7c Drivers/STM32F4xx_HAL_Driver/Src/stm32f4xx_hal_rcc.o
 .comment       0x000000000000007b       0x7c Drivers/STM32F4xx_HAL_Driver/Src/stm32f4xx_ll_gpio.o
 .comment       0x000000000000007b       0x7c Drivers/STM32F4xx_HAL_Driver/Src/stm32f4xx_ll_rcc.o
 .comment       0x000000000000007b       0x7c Drivers/STM32F4xx_HAL_Driver/Src/stm32f4xx_ll_tim.o
 .comment       0x000000000000007b       0x7c Drivers/STM32F4xx_HAL_Driver/Src/stm32f4xx_ll_usart.o

.debug_frame    0x0000000000000000     0x1e78
 .debug_frame   0x0000000000000000       0x84 Core/Src/gpio.o
 .debug_frame   0x0000000000000084      0x110 Core/Src/main.o
 .debug_frame   0x0000000000000194       0x38 Core/Src/stm32f4xx_hal_msp.o
 .debug_frame   0x00000000000001cc      0x12c Core/Src/stm32f4xx_it.o
 .debug_frame   0x00000000000002f8       0x58 Core/Src/system_stm32f4xx.o
 .debug_frame   0x0000000000000350      0x17c Core/Src/tim.o
 .debug_frame   0x00000000000004cc      0x16c Core/Src/usart.o
 .debug_frame   0x0000000000000638      0x374 Drivers/STM32F4xx_HAL_Driver/Src/stm32f4xx_hal.o
 .debug_frame   0x00000000000009ac      0x498 Drivers/STM32F4xx_HAL_Driver/Src/stm32f4xx_hal_cortex.o
 .debug_frame   0x0000000000000e44      0x1f0 Drivers/STM32F4xx_HAL_Driver/Src/stm32f4xx_hal_rcc.o
 .debug_frame   0x0000000000001034      0x1c0 Drivers/STM32F4xx_HAL_Driver/Src/stm32f4xx_ll_gpio.o
 .debug_frame   0x00000000000011f4      0x460 Drivers/STM32F4xx_HAL_Driver/Src/stm32f4xx_ll_rcc.o
 .debug_frame   0x0000000000001654      0x538 Drivers/STM32F4xx_HAL_Driver/Src/stm32f4xx_ll_tim.o
 .debug_frame   0x0000000000001b8c      0x240 Drivers/STM32F4xx_HAL_Driver/Src/stm32f4xx_ll_usart.o
 .debug_frame   0x0000000000001dcc       0x2c c:/st/stm32cubeide_1.3.0/stm32cubeide/plugins/com.st.stm32cube.ide.mcu.externaltools.gnu-tools-for-stm32.7-2018-q2-update.win32_1.0.0.201904181610/tools/bin/../lib/gcc/arm-none-eabi/7.3.1/../../../../arm-none-eabi/lib/thumb/v7e-m/fpv4-sp/hard\libc_nano.a(lib_a-init.o)
 .debug_frame   0x0000000000001df8       0x20 c:/st/stm32cubeide_1.3.0/stm32cubeide/plugins/com.st.stm32cube.ide.mcu.externaltools.gnu-tools-for-stm32.7-2018-q2-update.win32_1.0.0.201904181610/tools/bin/../lib/gcc/arm-none-eabi/7.3.1/../../../../arm-none-eabi/lib/thumb/v7e-m/fpv4-sp/hard\libc_nano.a(lib_a-memset.o)
 .debug_frame   0x0000000000001e18       0x2c c:/st/stm32cubeide_1.3.0/stm32cubeide/plugins/com.st.stm32cube.ide.mcu.externaltools.gnu-tools-for-stm32.7-2018-q2-update.win32_1.0.0.201904181610/tools/bin/../lib/gcc/arm-none-eabi/7.3.1/thumb/v7e-m/fpv4-sp/hard\libgcc.a(_aeabi_uldivmod.o)
 .debug_frame   0x0000000000001e44       0x34 c:/st/stm32cubeide_1.3.0/stm32cubeide/plugins/com.st.stm32cube.ide.mcu.externaltools.gnu-tools-for-stm32.7-2018-q2-update.win32_1.0.0.201904181610/tools/bin/../lib/gcc/arm-none-eabi/7.3.1/thumb/v7e-m/fpv4-sp/hard\libgcc.a(_udivmoddi4.o)
