20:12:27 **** Incremental Build of configuration Debug for project 1-3. Debug UART ****
make -j8 all 
arm-none-eabi-gcc "../Core/Src/main.c" -mcpu=cortex-m4 -std=gnu11 -g3 -DSTM32F405xx -DUSE_HAL_DRIVER -DUSE_FULL_LL_DRIVER -DDEBUG -c -I../Drivers/CMSIS/Include -I../Drivers/STM32F4xx_HAL_Driver/Inc -I../Core/Inc -I../Drivers/CMSIS/Device/ST/STM32F4xx/Include -I../Drivers/STM32F4xx_HAL_Driver/Inc/Legacy -O0 -ffunction-sections -fdata-sections -Wall -fstack-usage -MMD -MP -MF"Core/Src/main.d" -MT"Core/Src/main.o" --specs=nano.specs -mfpu=fpv4-sp-d16 -mfloat-abi=hard -mthumb -o "Core/Src/main.o"
../Core/Src/main.c: In function 'main':
../Core/Src/main.c:152:4: warning: implicit declaration of function 'printf' [-Wimplicit-function-declaration]
    printf("%d %f\n",count++, f+=0.001);
    ^~~~~~
../Core/Src/main.c:152:4: warning: incompatible implicit declaration of built-in function 'printf'
../Core/Src/main.c:152:4: note: include '<stdio.h>' or provide a declaration of 'printf'
arm-none-eabi-gcc -o "1-3. Debug UART.elf" @"objects.list"   -mcpu=cortex-m4 -T"D:\FW\drone\1-3. Debug UART\STM32F405RGTX_FLASH.ld" --specs=nosys.specs -Wl,-Map="1-3. Debug UART.map" -Wl,--gc-sections -static -u _printf_float --specs=nano.specs -mfpu=fpv4-sp-d16 -mfloat-abi=hard -mthumb -Wl,--start-group -lc -lm -Wl,--end-group
Finished building target: 1-3. Debug UART.elf
 
arm-none-eabi-objdump -h -S  1-3.\ Debug\ UART.elf  > "1-3. Debug UART.list"
arm-none-eabi-objcopy  -O binary  1-3.\ Debug\ UART.elf  "1-3. Debug UART.bin"
arm-none-eabi-size   1-3.\ Debug\ UART.elf 
   text	   data	    bss	    dec	    hex	filename
  24484	    484	   1588	  26556	   67bc	1-3. Debug UART.elf
Finished building: default.size.stdout
 
Finished building: 1-3. Debug UART.bin
 
Finished building: 1-3. Debug UART.list
 

20:12:30 Build Finished. 0 errors, 2 warnings. (took 2s.905ms)

