21:15:40 **** Incremental Build of configuration Debug for project 2-1. BNO080 ****
make -j8 all 
arm-none-eabi-gcc "../Core/Src/main.c" -mcpu=cortex-m4 -std=gnu11 -g3 -DSTM32F405xx -DUSE_HAL_DRIVER -DUSE_FULL_LL_DRIVER -DDEBUG -c -I../Drivers/CMSIS/Include -I../Drivers/STM32F4xx_HAL_Driver/Inc -I../Core/Inc -I../Drivers/CMSIS/Device/ST/STM32F4xx/Include -I../Drivers/STM32F4xx_HAL_Driver/Inc/Legacy -O0 -ffunction-sections -fdata-sections -Wall -fstack-usage -MMD -MP -MF"Core/Src/main.d" -MT"Core/Src/main.o" --specs=nano.specs -mfpu=fpv4-sp-d16 -mfloat-abi=hard -mthumb -o "Core/Src/main.o"
../Core/Src/main.c: In function 'main':
../Core/Src/main.c:171:5: warning: implicit declaration of function 'printf' [-Wimplicit-function-declaration]
     printf("%d,%d,%d\n",(int)(BNO080_Roll*100),(int)(BNO080_Pitch*100),(int)(BNO080_Yaw*100));
     ^~~~~~
../Core/Src/main.c:171:5: warning: incompatible implicit declaration of built-in function 'printf'
../Core/Src/main.c:171:5: note: include '<stdio.h>' or provide a declaration of 'printf'
../Core/Src/main.c:84:8: warning: variable 'quatRadianAccuray' set but not used [-Wunused-but-set-variable]
  float quatRadianAccuray;
        ^~~~~~~~~~~~~~~~~
../Core/Src/main.c:82:8: warning: unused variable 'f' [-Wunused-variable]
  float f = 1.234;
        ^
../Core/Src/main.c:81:6: warning: unused variable 'count' [-Wunused-variable]
  int count = 0;
      ^~~~~
arm-none-eabi-gcc -o "2-1. BNO080.elf" @"objects.list"   -mcpu=cortex-m4 -T"D:\FW\drone\2-1. BNO080\STM32F405RGTX_FLASH.ld" --specs=nosys.specs -Wl,-Map="2-1. BNO080.map" -Wl,--gc-sections -static -u _printf_float --specs=nano.specs -mfpu=fpv4-sp-d16 -mfloat-abi=hard -mthumb -Wl,--start-group -lc -lm -Wl,--end-group
Finished building target: 2-1. BNO080.elf
 
arm-none-eabi-objdump -h -S  2-1.\ BNO080.elf  > "2-1. BNO080.list"
arm-none-eabi-objcopy  -O binary  2-1.\ BNO080.elf  "2-1. BNO080.bin"
arm-none-eabi-size   2-1.\ BNO080.elf 
   text	   data	    bss	    dec	    hex	filename
  33360	    492	   1836	  35688	   8b68	2-1. BNO080.elf
Finished building: default.size.stdout
 
Finished building: 2-1. BNO080.bin
 
Finished building: 2-1. BNO080.list
 

21:15:43 Build Finished. 0 errors, 5 warnings. (took 3s.229ms)

